// Jest Snapshot v1, https://goo.gl/fbAQLP

exports[`renders correctly 1`] = `
<div
  className="card"
  data-testid="card-test"
>
  <div
    className="MuiPaper-root paper MuiPaper-elevation3 MuiPaper-rounded"
  >
    <div
      className="main"
    >
      <div
        className="left-side"
      >
        <img
          alt=""
          src="http://openweathermap.org/img/wn/@2x.png"
        />
        <div>
          <span
            style={
              Object {
                "fontSize": "26px",
              }
            }
          >
            0
            C°
          </span>
          <span />
        </div>
      </div>
      <div
        className="right-side"
      >
        <div>
          <span>
            , 
          </span>
          <span />
        </div>
        <span />
      </div>
    </div>
    <div
      className="actions"
    >
      <svg
        aria-hidden={true}
        className="MuiSvgIcon-root"
        focusable="false"
        onClick={[Function]}
        style={
          Object {
            "cursor": "pointer",
          }
        }
        viewBox="0 0 24 24"
      >
        <path
          d="M17.65 6.35C16.2 4.9 14.21 4 12 4c-4.42 0-7.99 3.58-7.99 8s3.57 8 7.99 8c3.73 0 6.84-2.55 7.73-6h-2.08c-.82 2.33-3.04 4-5.65 4-3.31 0-6-2.69-6-6s2.69-6 6-6c1.66 0 3.14.69 4.22 1.78L13 11h7V4l-2.35 2.35z"
        />
      </svg>
      <svg
        aria-hidden={true}
        className="MuiSvgIcon-root"
        focusable="false"
        onClick={[Function]}
        style={
          Object {
            "cursor": "pointer",
          }
        }
        viewBox="0 0 24 24"
      >
        <path
          d="M6 19c0 1.1.9 2 2 2h8c1.1 0 2-.9 2-2V7H6v12zM19 4h-3.5l-1-1h-5l-1 1H5v2h14V4z"
        />
      </svg>
    </div>
  </div>
</div>
`;

exports[`renders correctly snapshot 1`] = `
<div
  className="card"
  data-testid="card-test"
>
  <div
    className="MuiPaper-root paper MuiPaper-elevation3 MuiPaper-rounded"
  >
    <div
      className="main"
    >
      <div
        className="left-side"
      >
        <img
          alt=""
          src="http://openweathermap.org/img/wn/@2x.png"
        />
        <div>
          <span
            style={
              Object {
                "fontSize": "26px",
              }
            }
          >
            0
            C°
          </span>
          <span />
        </div>
      </div>
      <div
        className="right-side"
      >
        <div>
          <span>
            , 
          </span>
          <span />
        </div>
        <span />
      </div>
    </div>
    <div
      className="actions"
    >
      <svg
        aria-hidden={true}
        className="MuiSvgIcon-root"
        focusable="false"
        onClick={[Function]}
        style={
          Object {
            "cursor": "pointer",
          }
        }
        viewBox="0 0 24 24"
      >
        <path
          d="M17.65 6.35C16.2 4.9 14.21 4 12 4c-4.42 0-7.99 3.58-7.99 8s3.57 8 7.99 8c3.73 0 6.84-2.55 7.73-6h-2.08c-.82 2.33-3.04 4-5.65 4-3.31 0-6-2.69-6-6s2.69-6 6-6c1.66 0 3.14.69 4.22 1.78L13 11h7V4l-2.35 2.35z"
        />
      </svg>
      <svg
        aria-hidden={true}
        className="MuiSvgIcon-root"
        focusable="false"
        onClick={[Function]}
        style={
          Object {
            "cursor": "pointer",
          }
        }
        viewBox="0 0 24 24"
      >
        <path
          d="M6 19c0 1.1.9 2 2 2h8c1.1 0 2-.9 2-2V7H6v12zM19 4h-3.5l-1-1h-5l-1 1H5v2h14V4z"
        />
      </svg>
    </div>
  </div>
</div>
`;
